core_cm7.h:2229:22:SCB_EnableICache	4	static,ignoring_inline_asm
core_cm7.h:2281:22:SCB_EnableDCache	24	static,ignoring_inline_asm
main.c:128:6:eraseAllData	16	static
main.c:135:6:saveAllData	144	static
main.c:193:6:readAllData	120	static
main.c:249:6:setHorizontalScreen	24	static
main.c:256:6:printText	40	static
main.c:261:6:printValue	40	static
main.c:266:6:newLine	32	static
main.c:276:6:tempMonitor	24	static
main.c:312:6:averageScreen	24	static
main.c:378:6:updatePreviousValue	24	static
main.c:396:6:initialValue	16	static
main.c:419:6:updateValue	16	static
main.c:474:6:resisterMonitor	16	static
main.c:494:6:readButton	8	static
main.c:533:6:calculationTimer	8	static
main.c:537:6:colorCalculation	4	static
main.c:555:6:assignmentOne	16	static
main.c:627:5:main	8	static
main.c:704:6:SystemClock_Config	232	static
main.c:765:6:HAL_GPIO_EXTI_Callback	16	static
main.c:799:10:CRC16_2	24	static
main.c:822:6:Error_Handler	4	static
