core_cm7.h:2229:22:SCB_EnableICache	4	static,ignoring_inline_asm
core_cm7.h:2281:22:SCB_EnableDCache	24	static,ignoring_inline_asm
main.c:123:6:setHorizontalScreen	16	static
main.c:129:6:printText	32	static
main.c:138:6:newLine	32	static
main.c:144:6:calculationClock	16	static
main.c:193:6:topBarScreen	24	static
main.c:202:6:resetPrevNum	4	static
main.c:208:6:hourScreen	24	static
main.c:221:6:colonScreen	24	static
main.c:231:6:minuteScreen	24	static
main.c:245:6:secondScreen	24	static
main.c:258:6:displayClockScreen	8	static
main.c:271:6:editHourScreen	8	static
main.c:284:6:editMinuteScreen	8	static
main.c:297:6:editSecondScreen	8	static
main.c:311:6:bottomBarScreen	48	static
main.c:341:6:buzzerSound	8	static
main.c:356:6:assignmentOne	24	static
main.c:428:6:assignmentTwo	8	static
main.c:474:5:main	8	static
main.c:1101:6:SystemClock_Config	232	static
main.c:1162:10:CRC16_2	24	static
main.c:1184:6:Error_Handler	4	static
